---
source: tests/authentication/google/complete.rs
expression: res.to_json().unwrap()
---
{
  "detail": "Authentication failed with the authentication provider: Missing required parameter: code",
  "status": 400,
  "title": "Failed to authenticate user",
  "type": "tag:arkenstone,2020:authentication/problems/authentication_error"
}
