---
source: tests/authentication/google/complete.rs
expression: res.headers()
---
HTTP/1.1 400 Bad Request
content-type: application/problem+json
