---
source: tests/authentication/list_providers.rs
expression: res.headers()
---
HTTP/1.1 200 OK
content-type: application/json
