---
source: tests/authentication/complete.rs
expression: res.headers()
---
HTTP/1.1 404 Not Found
content-type: application/problem+json
