---
source: tests/authentication/list_providers.rs
expression: res.to_json().unwrap()
---
{
  "providers": [
    "google"
  ]
}
